Component: ARM Compiler 6.14 Tool: armlink [5db06800]

==============================================================================

Section Cross References

    startup_stm32f10x_md.o(RESET) refers to startup_stm32f10x_md.o(STACK) for __initial_sp
    startup_stm32f10x_md.o(RESET) refers to startup_stm32f10x_md.o(.text) for Reset_Handler
    startup_stm32f10x_md.o(RESET) refers to lto-llvm-599df1.o(.text.NMI_Handler) for NMI_Handler
    startup_stm32f10x_md.o(RESET) refers to lto-llvm-599df1.o(.text.HardFault_Handler) for HardFault_Handler
    startup_stm32f10x_md.o(RESET) refers to lto-llvm-599df1.o(.text.MemManage_Handler) for MemManage_Handler
    startup_stm32f10x_md.o(RESET) refers to lto-llvm-599df1.o(.text.BusFault_Handler) for BusFault_Handler
    startup_stm32f10x_md.o(RESET) refers to lto-llvm-599df1.o(.text.UsageFault_Handler) for UsageFault_Handler
    startup_stm32f10x_md.o(RESET) refers to lto-llvm-599df1.o(.text.SVC_Handler) for SVC_Handler
    startup_stm32f10x_md.o(RESET) refers to lto-llvm-599df1.o(.text.DebugMon_Handler) for DebugMon_Handler
    startup_stm32f10x_md.o(RESET) refers to lto-llvm-599df1.o(.text.PendSV_Handler) for PendSV_Handler
    startup_stm32f10x_md.o(RESET) refers to lto-llvm-599df1.o(.text.SysTick_Handler) for SysTick_Handler
    startup_stm32f10x_md.o(RESET) refers to lto-llvm-599df1.o(.text.TIM3_IRQHandler) for TIM3_IRQHandler
    startup_stm32f10x_md.o(RESET) refers to lto-llvm-599df1.o(.text.EXTI15_10_IRQHandler) for EXTI15_10_IRQHandler
    startup_stm32f10x_md.o(.text) refers to lto-llvm-599df1.o(.text.SystemInit) for SystemInit
    startup_stm32f10x_md.o(.text) refers to entry.o(.ARM.Collect$$$$00000000) for __main
    entry.o(.ARM.Collect$$$$00000000) refers (Special) to entry10a.o(.ARM.Collect$$$$0000000D) for __rt_final_cpp
    entry.o(.ARM.Collect$$$$00000000) refers (Special) to entry11a.o(.ARM.Collect$$$$0000000F) for __rt_final_exit
    entry.o(.ARM.Collect$$$$00000000) refers (Special) to entry7b.o(.ARM.Collect$$$$00000008) for _main_clock
    entry.o(.ARM.Collect$$$$00000000) refers (Special) to entry8b.o(.ARM.Collect$$$$0000000A) for _main_cpp_init
    entry.o(.ARM.Collect$$$$00000000) refers (Special) to entry9a.o(.ARM.Collect$$$$0000000B) for _main_init
    entry.o(.ARM.Collect$$$$00000000) refers (Special) to entry5.o(.ARM.Collect$$$$00000004) for _main_scatterload
    entry.o(.ARM.Collect$$$$00000000) refers (Special) to entry2.o(.ARM.Collect$$$$00000001) for _main_stk
    entry2.o(.ARM.Collect$$$$00000001) refers to entry2.o(.ARM.Collect$$$$00002712) for __lit__00000000
    entry2.o(.ARM.Collect$$$$00002712) refers to startup_stm32f10x_md.o(STACK) for __initial_sp
    entry2.o(__vectab_stack_and_reset_area) refers to startup_stm32f10x_md.o(STACK) for __initial_sp
    entry2.o(__vectab_stack_and_reset_area) refers to entry.o(.ARM.Collect$$$$00000000) for __main
    entry5.o(.ARM.Collect$$$$00000004) refers to init.o(.text) for __scatterload
    entry9a.o(.ARM.Collect$$$$0000000B) refers to lto-llvm-599df1.o(.text.main) for main
    entry9b.o(.ARM.Collect$$$$0000000C) refers to lto-llvm-599df1.o(.text.main) for main
    init.o(.text) refers to entry5.o(.ARM.Collect$$$$00000004) for __main_after_scatterload
    lto-llvm-599df1.o(.ARM.exidx.text.NVIC_PriorityGroupConfig) refers to lto-llvm-599df1.o(.text.NVIC_PriorityGroupConfig) for [Anonymous Symbol]
    lto-llvm-599df1.o(.ARM.exidx.text.NVIC_Init) refers to lto-llvm-599df1.o(.text.NVIC_Init) for [Anonymous Symbol]
    lto-llvm-599df1.o(.ARM.exidx.text.SysTick_CLKSourceConfig) refers to lto-llvm-599df1.o(.text.SysTick_CLKSourceConfig) for [Anonymous Symbol]
    lto-llvm-599df1.o(.ARM.exidx.text.EXTI_Init) refers to lto-llvm-599df1.o(.text.EXTI_Init) for [Anonymous Symbol]
    lto-llvm-599df1.o(.ARM.exidx.text.EXTI_ClearITPendingBit) refers to lto-llvm-599df1.o(.text.EXTI_ClearITPendingBit) for [Anonymous Symbol]
    lto-llvm-599df1.o(.ARM.exidx.text.GPIO_Init) refers to lto-llvm-599df1.o(.text.GPIO_Init) for [Anonymous Symbol]
    lto-llvm-599df1.o(.ARM.exidx.text.GPIO_ReadInputDataBit) refers to lto-llvm-599df1.o(.text.GPIO_ReadInputDataBit) for [Anonymous Symbol]
    lto-llvm-599df1.o(.ARM.exidx.text.GPIO_PinRemapConfig) refers to lto-llvm-599df1.o(.text.GPIO_PinRemapConfig) for [Anonymous Symbol]
    lto-llvm-599df1.o(.ARM.exidx.text.GPIO_EXTILineConfig) refers to lto-llvm-599df1.o(.text.GPIO_EXTILineConfig) for [Anonymous Symbol]
    lto-llvm-599df1.o(.ARM.exidx.text.RCC_APB2PeriphClockCmd) refers to lto-llvm-599df1.o(.text.RCC_APB2PeriphClockCmd) for [Anonymous Symbol]
    lto-llvm-599df1.o(.ARM.exidx.text.RCC_APB1PeriphClockCmd) refers to lto-llvm-599df1.o(.text.RCC_APB1PeriphClockCmd) for [Anonymous Symbol]
    lto-llvm-599df1.o(.ARM.exidx.text.TIM_TimeBaseInit) refers to lto-llvm-599df1.o(.text.TIM_TimeBaseInit) for [Anonymous Symbol]
    lto-llvm-599df1.o(.ARM.exidx.text.TIM_Cmd) refers to lto-llvm-599df1.o(.text.TIM_Cmd) for [Anonymous Symbol]
    lto-llvm-599df1.o(.ARM.exidx.text.TIM_ITConfig) refers to lto-llvm-599df1.o(.text.TIM_ITConfig) for [Anonymous Symbol]
    lto-llvm-599df1.o(.ARM.exidx.text.TIM_GetITStatus) refers to lto-llvm-599df1.o(.text.TIM_GetITStatus) for [Anonymous Symbol]
    lto-llvm-599df1.o(.ARM.exidx.text.TIM_ClearITPendingBit) refers to lto-llvm-599df1.o(.text.TIM_ClearITPendingBit) for [Anonymous Symbol]
    lto-llvm-599df1.o(.text.SystemInit) refers to lto-llvm-599df1.o(.text.SetSysClock) for SetSysClock
    lto-llvm-599df1.o(.ARM.exidx.text.SystemInit) refers to lto-llvm-599df1.o(.text.SystemInit) for [Anonymous Symbol]
    lto-llvm-599df1.o(.text.SetSysClock) refers to lto-llvm-599df1.o(.text.SetSysClockTo72) for SetSysClockTo72
    lto-llvm-599df1.o(.ARM.exidx.text.SetSysClock) refers to lto-llvm-599df1.o(.text.SetSysClock) for [Anonymous Symbol]
    lto-llvm-599df1.o(.ARM.exidx.text.SetSysClockTo72) refers to lto-llvm-599df1.o(.text.SetSysClockTo72) for [Anonymous Symbol]
    lto-llvm-599df1.o(.text.ZLG7289_SPI_Write) refers to lto-llvm-599df1.o(.text.ZLG7289_DATA_OUT) for ZLG7289_DATA_OUT
    lto-llvm-599df1.o(.text.ZLG7289_SPI_Write) refers to lto-llvm-599df1.o(.text.ZLG7289_Delay_1us) for ZLG7289_Delay_1us
    lto-llvm-599df1.o(.ARM.exidx.text.ZLG7289_SPI_Write) refers to lto-llvm-599df1.o(.text.ZLG7289_SPI_Write) for [Anonymous Symbol]
    lto-llvm-599df1.o(.text.ZLG7289_DATA_OUT) refers to lto-llvm-599df1.o(.text.RCC_APB2PeriphClockCmd) for RCC_APB2PeriphClockCmd
    lto-llvm-599df1.o(.text.ZLG7289_DATA_OUT) refers to lto-llvm-599df1.o(.text.GPIO_Init) for GPIO_Init
    lto-llvm-599df1.o(.ARM.exidx.text.ZLG7289_DATA_OUT) refers to lto-llvm-599df1.o(.text.ZLG7289_DATA_OUT) for [Anonymous Symbol]
    lto-llvm-599df1.o(.ARM.exidx.text.ZLG7289_Delay_1us) refers to lto-llvm-599df1.o(.text.ZLG7289_Delay_1us) for [Anonymous Symbol]
    lto-llvm-599df1.o(.text.ZLG7289_SPI_Read) refers to lto-llvm-599df1.o(.text.ZLG7289_DATA_IN) for ZLG7289_DATA_IN
    lto-llvm-599df1.o(.text.ZLG7289_SPI_Read) refers to lto-llvm-599df1.o(.text.ZLG7289_Delay_1us) for ZLG7289_Delay_1us
    lto-llvm-599df1.o(.text.ZLG7289_SPI_Read) refers to lto-llvm-599df1.o(.text.GPIO_ReadInputDataBit) for GPIO_ReadInputDataBit
    lto-llvm-599df1.o(.text.ZLG7289_SPI_Read) refers to lto-llvm-599df1.o(.text.ZLG7289_DATA_OUT) for ZLG7289_DATA_OUT
    lto-llvm-599df1.o(.ARM.exidx.text.ZLG7289_SPI_Read) refers to lto-llvm-599df1.o(.text.ZLG7289_SPI_Read) for [Anonymous Symbol]
    lto-llvm-599df1.o(.text.ZLG7289_DATA_IN) refers to lto-llvm-599df1.o(.text.RCC_APB2PeriphClockCmd) for RCC_APB2PeriphClockCmd
    lto-llvm-599df1.o(.text.ZLG7289_DATA_IN) refers to lto-llvm-599df1.o(.text.GPIO_Init) for GPIO_Init
    lto-llvm-599df1.o(.ARM.exidx.text.ZLG7289_DATA_IN) refers to lto-llvm-599df1.o(.text.ZLG7289_DATA_IN) for [Anonymous Symbol]
    lto-llvm-599df1.o(.text.ZLG7289_cmd) refers to lto-llvm-599df1.o(.text.ZLG7289_DATA_OUT) for ZLG7289_DATA_OUT
    lto-llvm-599df1.o(.text.ZLG7289_cmd) refers to lto-llvm-599df1.o(.text.ZLG7289_Delay_1us) for ZLG7289_Delay_1us
    lto-llvm-599df1.o(.text.ZLG7289_cmd) refers to lto-llvm-599df1.o(.text.ZLG7289_SPI_Write) for ZLG7289_SPI_Write
    lto-llvm-599df1.o(.ARM.exidx.text.ZLG7289_cmd) refers to lto-llvm-599df1.o(.text.ZLG7289_cmd) for [Anonymous Symbol]
    lto-llvm-599df1.o(.text.ZLG7289_cmd_dat) refers to lto-llvm-599df1.o(.text.ZLG7289_DATA_OUT) for ZLG7289_DATA_OUT
    lto-llvm-599df1.o(.text.ZLG7289_cmd_dat) refers to lto-llvm-599df1.o(.text.ZLG7289_Delay_1us) for ZLG7289_Delay_1us
    lto-llvm-599df1.o(.text.ZLG7289_cmd_dat) refers to lto-llvm-599df1.o(.text.ZLG7289_SPI_Write) for ZLG7289_SPI_Write
    lto-llvm-599df1.o(.ARM.exidx.text.ZLG7289_cmd_dat) refers to lto-llvm-599df1.o(.text.ZLG7289_cmd_dat) for [Anonymous Symbol]
    lto-llvm-599df1.o(.text.ZLG7289_Download) refers to lto-llvm-599df1.o(.text.ZLG7289_cmd_dat) for ZLG7289_cmd_dat
    lto-llvm-599df1.o(.ARM.exidx.text.ZLG7289_Download) refers to lto-llvm-599df1.o(.text.ZLG7289_Download) for [Anonymous Symbol]
    lto-llvm-599df1.o(.text.ZLG7289_Key) refers to lto-llvm-599df1.o(.text.ZLG7289_Delay_1us) for ZLG7289_Delay_1us
    lto-llvm-599df1.o(.text.ZLG7289_Key) refers to lto-llvm-599df1.o(.text.ZLG7289_SPI_Write) for ZLG7289_SPI_Write
    lto-llvm-599df1.o(.text.ZLG7289_Key) refers to lto-llvm-599df1.o(.text.ZLG7289_SPI_Read) for ZLG7289_SPI_Read
    lto-llvm-599df1.o(.ARM.exidx.text.ZLG7289_Key) refers to lto-llvm-599df1.o(.text.ZLG7289_Key) for [Anonymous Symbol]
    lto-llvm-599df1.o(.text.ZLG7289_Init) refers to lto-llvm-599df1.o(.text.ZLG7289_GPIO_Config) for ZLG7289_GPIO_Config
    lto-llvm-599df1.o(.ARM.exidx.text.ZLG7289_Init) refers to lto-llvm-599df1.o(.text.ZLG7289_Init) for [Anonymous Symbol]
    lto-llvm-599df1.o(.text.ZLG7289_GPIO_Config) refers to lto-llvm-599df1.o(.text.RCC_APB2PeriphClockCmd) for RCC_APB2PeriphClockCmd
    lto-llvm-599df1.o(.text.ZLG7289_GPIO_Config) refers to lto-llvm-599df1.o(.text.GPIO_PinRemapConfig) for GPIO_PinRemapConfig
    lto-llvm-599df1.o(.text.ZLG7289_GPIO_Config) refers to lto-llvm-599df1.o(.text.GPIO_Init) for GPIO_Init
    lto-llvm-599df1.o(.ARM.exidx.text.ZLG7289_GPIO_Config) refers to lto-llvm-599df1.o(.text.ZLG7289_GPIO_Config) for [Anonymous Symbol]
    lto-llvm-599df1.o(.text.ZLG7289_Show) refers to lto-llvm-599df1.o(.text.ZLG7289_Download) for ZLG7289_Download
    lto-llvm-599df1.o(.ARM.exidx.text.ZLG7289_Show) refers to lto-llvm-599df1.o(.text.ZLG7289_Show) for [Anonymous Symbol]
    lto-llvm-599df1.o(.text.delay_init) refers to lto-llvm-599df1.o(.text.SysTick_CLKSourceConfig) for SysTick_CLKSourceConfig
    lto-llvm-599df1.o(.text.delay_init) refers to lto-llvm-599df1.o(.bss.fac_us) for fac_us
    lto-llvm-599df1.o(.ARM.exidx.text.delay_init) refers to lto-llvm-599df1.o(.text.delay_init) for [Anonymous Symbol]
    lto-llvm-599df1.o(.text.EXTIX_Init) refers to lto-llvm-599df1.o(.text.RCC_APB2PeriphClockCmd) for RCC_APB2PeriphClockCmd
    lto-llvm-599df1.o(.text.EXTIX_Init) refers to lto-llvm-599df1.o(.text.GPIO_EXTILineConfig) for GPIO_EXTILineConfig
    lto-llvm-599df1.o(.text.EXTIX_Init) refers to lto-llvm-599df1.o(.text.EXTI_Init) for EXTI_Init
    lto-llvm-599df1.o(.text.EXTIX_Init) refers to lto-llvm-599df1.o(.text.NVIC_Init) for NVIC_Init
    lto-llvm-599df1.o(.ARM.exidx.text.EXTIX_Init) refers to lto-llvm-599df1.o(.text.EXTIX_Init) for [Anonymous Symbol]
    lto-llvm-599df1.o(.text.EXTI15_10_IRQHandler) refers to lto-llvm-599df1.o(.text.ZLG7289_Key) for ZLG7289_Key
    lto-llvm-599df1.o(.text.EXTI15_10_IRQHandler) refers to lto-llvm-599df1.o(.bss.key_val) for key_val
    lto-llvm-599df1.o(.text.EXTI15_10_IRQHandler) refers to lto-llvm-599df1.o(.text.EXTI_ClearITPendingBit) for EXTI_ClearITPendingBit
    lto-llvm-599df1.o(.ARM.exidx.text.EXTI15_10_IRQHandler) refers to lto-llvm-599df1.o(.text.EXTI15_10_IRQHandler) for [Anonymous Symbol]
    lto-llvm-599df1.o(.text.LED_Init) refers to lto-llvm-599df1.o(.text.RCC_APB2PeriphClockCmd) for RCC_APB2PeriphClockCmd
    lto-llvm-599df1.o(.text.LED_Init) refers to lto-llvm-599df1.o(.text.GPIO_Init) for GPIO_Init
    lto-llvm-599df1.o(.ARM.exidx.text.LED_Init) refers to lto-llvm-599df1.o(.text.LED_Init) for [Anonymous Symbol]
    lto-llvm-599df1.o(.text.main) refers to lto-llvm-599df1.o(.text.delay_init) for delay_init
    lto-llvm-599df1.o(.text.main) refers to lto-llvm-599df1.o(.text.NVIC_PriorityGroupConfig) for NVIC_PriorityGroupConfig
    lto-llvm-599df1.o(.text.main) refers to lto-llvm-599df1.o(.text.ZLG7289_Init) for ZLG7289_Init
    lto-llvm-599df1.o(.text.main) refers to lto-llvm-599df1.o(.text.EXTIX_Init) for EXTIX_Init
    lto-llvm-599df1.o(.text.main) refers to lto-llvm-599df1.o(.text.TIM3_Int_Init) for TIM3_Int_Init
    lto-llvm-599df1.o(.text.main) refers to lto-llvm-599df1.o(.text.LED_Init) for LED_Init
    lto-llvm-599df1.o(.text.main) refers to lto-llvm-599df1.o(.text.ZLG7289_cmd_dat) for ZLG7289_cmd_dat
    lto-llvm-599df1.o(.text.main) refers to lto-llvm-599df1.o(.bss.key_val) for key_val
    lto-llvm-599df1.o(.text.main) refers to lto-llvm-599df1.o(.bss.timer3_count_ms) for timer3_count_ms
    lto-llvm-599df1.o(.text.main) refers to lto-llvm-599df1.o(.bss.state) for state
    lto-llvm-599df1.o(.text.main) refers to lto-llvm-599df1.o(.text.TIM_Cmd) for TIM_Cmd
    lto-llvm-599df1.o(.text.main) refers to lto-llvm-599df1.o(.text.ZLG7289_cmd) for ZLG7289_cmd
    lto-llvm-599df1.o(.text.main) refers to lto-llvm-599df1.o(.bss.timer3_count_s) for timer3_count_s
    lto-llvm-599df1.o(.text.main) refers to lto-llvm-599df1.o(.text.ZLG7289_Show) for ZLG7289_Show
    lto-llvm-599df1.o(.ARM.exidx.text.main) refers to lto-llvm-599df1.o(.text.main) for [Anonymous Symbol]
    lto-llvm-599df1.o(.ARM.exidx.text.NMI_Handler) refers to lto-llvm-599df1.o(.text.NMI_Handler) for [Anonymous Symbol]
    lto-llvm-599df1.o(.ARM.exidx.text.HardFault_Handler) refers to lto-llvm-599df1.o(.text.HardFault_Handler) for [Anonymous Symbol]
    lto-llvm-599df1.o(.ARM.exidx.text.MemManage_Handler) refers to lto-llvm-599df1.o(.text.MemManage_Handler) for [Anonymous Symbol]
    lto-llvm-599df1.o(.ARM.exidx.text.BusFault_Handler) refers to lto-llvm-599df1.o(.text.BusFault_Handler) for [Anonymous Symbol]
    lto-llvm-599df1.o(.ARM.exidx.text.UsageFault_Handler) refers to lto-llvm-599df1.o(.text.UsageFault_Handler) for [Anonymous Symbol]
    lto-llvm-599df1.o(.ARM.exidx.text.SVC_Handler) refers to lto-llvm-599df1.o(.text.SVC_Handler) for [Anonymous Symbol]
    lto-llvm-599df1.o(.ARM.exidx.text.DebugMon_Handler) refers to lto-llvm-599df1.o(.text.DebugMon_Handler) for [Anonymous Symbol]
    lto-llvm-599df1.o(.ARM.exidx.text.PendSV_Handler) refers to lto-llvm-599df1.o(.text.PendSV_Handler) for [Anonymous Symbol]
    lto-llvm-599df1.o(.ARM.exidx.text.SysTick_Handler) refers to lto-llvm-599df1.o(.text.SysTick_Handler) for [Anonymous Symbol]
    lto-llvm-599df1.o(.text.TIM3_Int_Init) refers to lto-llvm-599df1.o(.text.RCC_APB1PeriphClockCmd) for RCC_APB1PeriphClockCmd
    lto-llvm-599df1.o(.text.TIM3_Int_Init) refers to lto-llvm-599df1.o(.text.TIM_TimeBaseInit) for TIM_TimeBaseInit
    lto-llvm-599df1.o(.text.TIM3_Int_Init) refers to lto-llvm-599df1.o(.text.TIM_ITConfig) for TIM_ITConfig
    lto-llvm-599df1.o(.text.TIM3_Int_Init) refers to lto-llvm-599df1.o(.text.NVIC_Init) for NVIC_Init
    lto-llvm-599df1.o(.text.TIM3_Int_Init) refers to lto-llvm-599df1.o(.text.TIM_Cmd) for TIM_Cmd
    lto-llvm-599df1.o(.ARM.exidx.text.TIM3_Int_Init) refers to lto-llvm-599df1.o(.text.TIM3_Int_Init) for [Anonymous Symbol]
    lto-llvm-599df1.o(.text.TIM3_IRQHandler) refers to lto-llvm-599df1.o(.text.TIM_GetITStatus) for TIM_GetITStatus
    lto-llvm-599df1.o(.text.TIM3_IRQHandler) refers to lto-llvm-599df1.o(.bss.timer3_count_ms) for timer3_count_ms
    lto-llvm-599df1.o(.text.TIM3_IRQHandler) refers to lto-llvm-599df1.o(.bss.timer3_count_s) for timer3_count_s
    lto-llvm-599df1.o(.text.TIM3_IRQHandler) refers to lto-llvm-599df1.o(.text.TIM_ClearITPendingBit) for TIM_ClearITPendingBit
    lto-llvm-599df1.o(.ARM.exidx.text.TIM3_IRQHandler) refers to lto-llvm-599df1.o(.text.TIM3_IRQHandler) for [Anonymous Symbol]


==============================================================================

Removing Unused input sections from the image.

    Removing startup_stm32f10x_md.o(HEAP), (512 bytes).
    Removing lto-llvm-599df1.o(.text), (0 bytes).
    Removing lto-llvm-599df1.o(.ARM.exidx.text.NVIC_PriorityGroupConfig), (8 bytes).
    Removing lto-llvm-599df1.o(.ARM.exidx.text.NVIC_Init), (8 bytes).
    Removing lto-llvm-599df1.o(.ARM.exidx.text.SysTick_CLKSourceConfig), (8 bytes).
    Removing lto-llvm-599df1.o(.ARM.exidx.text.EXTI_Init), (8 bytes).
    Removing lto-llvm-599df1.o(.ARM.exidx.text.EXTI_ClearITPendingBit), (8 bytes).
    Removing lto-llvm-599df1.o(.ARM.exidx.text.GPIO_Init), (8 bytes).
    Removing lto-llvm-599df1.o(.ARM.exidx.text.GPIO_ReadInputDataBit), (8 bytes).
    Removing lto-llvm-599df1.o(.ARM.exidx.text.GPIO_PinRemapConfig), (8 bytes).
    Removing lto-llvm-599df1.o(.ARM.exidx.text.GPIO_EXTILineConfig), (8 bytes).
    Removing lto-llvm-599df1.o(.ARM.exidx.text.RCC_APB2PeriphClockCmd), (8 bytes).
    Removing lto-llvm-599df1.o(.ARM.exidx.text.RCC_APB1PeriphClockCmd), (8 bytes).
    Removing lto-llvm-599df1.o(.ARM.exidx.text.TIM_TimeBaseInit), (8 bytes).
    Removing lto-llvm-599df1.o(.ARM.exidx.text.TIM_Cmd), (8 bytes).
    Removing lto-llvm-599df1.o(.ARM.exidx.text.TIM_ITConfig), (8 bytes).
    Removing lto-llvm-599df1.o(.ARM.exidx.text.TIM_GetITStatus), (8 bytes).
    Removing lto-llvm-599df1.o(.ARM.exidx.text.TIM_ClearITPendingBit), (8 bytes).
    Removing lto-llvm-599df1.o(.ARM.exidx.text.SystemInit), (8 bytes).
    Removing lto-llvm-599df1.o(.ARM.exidx.text.SetSysClock), (8 bytes).
    Removing lto-llvm-599df1.o(.ARM.exidx.text.SetSysClockTo72), (8 bytes).
    Removing lto-llvm-599df1.o(.ARM.exidx.text.ZLG7289_SPI_Write), (8 bytes).
    Removing lto-llvm-599df1.o(.ARM.exidx.text.ZLG7289_DATA_OUT), (8 bytes).
    Removing lto-llvm-599df1.o(.ARM.exidx.text.ZLG7289_Delay_1us), (8 bytes).
    Removing lto-llvm-599df1.o(.ARM.exidx.text.ZLG7289_SPI_Read), (8 bytes).
    Removing lto-llvm-599df1.o(.ARM.exidx.text.ZLG7289_DATA_IN), (8 bytes).
    Removing lto-llvm-599df1.o(.ARM.exidx.text.ZLG7289_cmd), (8 bytes).
    Removing lto-llvm-599df1.o(.ARM.exidx.text.ZLG7289_cmd_dat), (8 bytes).
    Removing lto-llvm-599df1.o(.ARM.exidx.text.ZLG7289_Download), (8 bytes).
    Removing lto-llvm-599df1.o(.ARM.exidx.text.ZLG7289_Key), (8 bytes).
    Removing lto-llvm-599df1.o(.ARM.exidx.text.ZLG7289_Init), (8 bytes).
    Removing lto-llvm-599df1.o(.ARM.exidx.text.ZLG7289_GPIO_Config), (8 bytes).
    Removing lto-llvm-599df1.o(.ARM.exidx.text.ZLG7289_Show), (8 bytes).
    Removing lto-llvm-599df1.o(.ARM.exidx.text.delay_init), (8 bytes).
    Removing lto-llvm-599df1.o(.ARM.exidx.text.EXTIX_Init), (8 bytes).
    Removing lto-llvm-599df1.o(.ARM.exidx.text.EXTI15_10_IRQHandler), (8 bytes).
    Removing lto-llvm-599df1.o(.ARM.exidx.text.LED_Init), (8 bytes).
    Removing lto-llvm-599df1.o(.ARM.exidx.text.main), (8 bytes).
    Removing lto-llvm-599df1.o(.ARM.exidx.text.NMI_Handler), (8 bytes).
    Removing lto-llvm-599df1.o(.ARM.exidx.text.HardFault_Handler), (8 bytes).
    Removing lto-llvm-599df1.o(.ARM.exidx.text.MemManage_Handler), (8 bytes).
    Removing lto-llvm-599df1.o(.ARM.exidx.text.BusFault_Handler), (8 bytes).
    Removing lto-llvm-599df1.o(.ARM.exidx.text.UsageFault_Handler), (8 bytes).
    Removing lto-llvm-599df1.o(.ARM.exidx.text.SVC_Handler), (8 bytes).
    Removing lto-llvm-599df1.o(.ARM.exidx.text.DebugMon_Handler), (8 bytes).
    Removing lto-llvm-599df1.o(.ARM.exidx.text.PendSV_Handler), (8 bytes).
    Removing lto-llvm-599df1.o(.ARM.exidx.text.SysTick_Handler), (8 bytes).
    Removing lto-llvm-599df1.o(.ARM.exidx.text.TIM3_Int_Init), (8 bytes).
    Removing lto-llvm-599df1.o(.ARM.exidx.text.TIM3_IRQHandler), (8 bytes).
    Removing lto-llvm-599df1.o(.rodata..L__const.ZLG7289_Download.ModDat), (3 bytes).
    Removing lto-llvm-599df1.o(.ARM.use_no_argv), (4 bytes).

51 unused section(s) (total 895 bytes) removed from the image.

==============================================================================

Image Symbol Table

    Local Symbols

    Symbol Name                              Value     Ov Type        Size  Object(Section)

    ../clib/microlib/init/entry.s            0x00000000   Number         0  entry.o ABSOLUTE
    ../clib/microlib/init/entry.s            0x00000000   Number         0  entry2.o ABSOLUTE
    ../clib/microlib/init/entry.s            0x00000000   Number         0  entry5.o ABSOLUTE
    ../clib/microlib/init/entry.s            0x00000000   Number         0  entry7a.o ABSOLUTE
    ../clib/microlib/init/entry.s            0x00000000   Number         0  entry7b.o ABSOLUTE
    ../clib/microlib/init/entry.s            0x00000000   Number         0  entry8a.o ABSOLUTE
    ../clib/microlib/init/entry.s            0x00000000   Number         0  entry8b.o ABSOLUTE
    ../clib/microlib/init/entry.s            0x00000000   Number         0  entry9a.o ABSOLUTE
    ../clib/microlib/init/entry.s            0x00000000   Number         0  entry9b.o ABSOLUTE
    ../clib/microlib/init/entry.s            0x00000000   Number         0  entry10a.o ABSOLUTE
    ../clib/microlib/init/entry.s            0x00000000   Number         0  entry10b.o ABSOLUTE
    ../clib/microlib/init/entry.s            0x00000000   Number         0  entry11a.o ABSOLUTE
    ../clib/microlib/init/entry.s            0x00000000   Number         0  entry11b.o ABSOLUTE
    ./src/startup_stm32f10x_md.s             0x00000000   Number         0  startup_stm32f10x_md.o ABSOLUTE
    dc.s                                     0x00000000   Number         0  dc.o ABSOLUTE
    handlers.s                               0x00000000   Number         0  handlers.o ABSOLUTE
    init.s                                   0x00000000   Number         0  init.o ABSOLUTE
    ld-temp.o                                0x00000000   Number         0  lto-llvm-599df1.o ABSOLUTE
    RESET                                    0x08000000   Section      236  startup_stm32f10x_md.o(RESET)
    .ARM.Collect$$$$00000000                 0x080000ec   Section        0  entry.o(.ARM.Collect$$$$00000000)
    .ARM.Collect$$$$00000001                 0x080000ec   Section        4  entry2.o(.ARM.Collect$$$$00000001)
    .ARM.Collect$$$$00000004                 0x080000f0   Section        4  entry5.o(.ARM.Collect$$$$00000004)
    .ARM.Collect$$$$00000008                 0x080000f4   Section        0  entry7b.o(.ARM.Collect$$$$00000008)
    .ARM.Collect$$$$0000000A                 0x080000f4   Section        0  entry8b.o(.ARM.Collect$$$$0000000A)
    .ARM.Collect$$$$0000000B                 0x080000f4   Section        8  entry9a.o(.ARM.Collect$$$$0000000B)
    __lit__00000000                          0x080000fc   Data           4  entry2.o(.ARM.Collect$$$$00002712)
    .ARM.Collect$$$$0000000D                 0x080000fc   Section        0  entry10a.o(.ARM.Collect$$$$0000000D)
    .ARM.Collect$$$$0000000F                 0x080000fc   Section        0  entry11a.o(.ARM.Collect$$$$0000000F)
    .ARM.Collect$$$$00002712                 0x080000fc   Section        4  entry2.o(.ARM.Collect$$$$00002712)
    .text                                    0x08000100   Section       36  startup_stm32f10x_md.o(.text)
    .text                                    0x08000124   Section       36  init.o(.text)
    [Anonymous Symbol]                       0x08000148   Section        0  lto-llvm-599df1.o(.text.BusFault_Handler)
    [Anonymous Symbol]                       0x0800014c   Section        0  lto-llvm-599df1.o(.text.DebugMon_Handler)
    [Anonymous Symbol]                       0x08000150   Section        0  lto-llvm-599df1.o(.text.EXTI15_10_IRQHandler)
    EXTIX_Init                               0x08000169   Thumb Code    64  lto-llvm-599df1.o(.text.EXTIX_Init)
    [Anonymous Symbol]                       0x08000168   Section        0  lto-llvm-599df1.o(.text.EXTIX_Init)
    EXTI_ClearITPendingBit                   0x080001a9   Thumb Code    24  lto-llvm-599df1.o(.text.EXTI_ClearITPendingBit)
    [Anonymous Symbol]                       0x080001a8   Section        0  lto-llvm-599df1.o(.text.EXTI_ClearITPendingBit)
    EXTI_Init                                0x080001c1   Thumb Code   244  lto-llvm-599df1.o(.text.EXTI_Init)
    [Anonymous Symbol]                       0x080001c0   Section        0  lto-llvm-599df1.o(.text.EXTI_Init)
    GPIO_EXTILineConfig                      0x080002b5   Thumb Code    90  lto-llvm-599df1.o(.text.GPIO_EXTILineConfig)
    [Anonymous Symbol]                       0x080002b4   Section        0  lto-llvm-599df1.o(.text.GPIO_EXTILineConfig)
    GPIO_Init                                0x08000311   Thumb Code   400  lto-llvm-599df1.o(.text.GPIO_Init)
    [Anonymous Symbol]                       0x08000310   Section        0  lto-llvm-599df1.o(.text.GPIO_Init)
    GPIO_PinRemapConfig                      0x080004a1   Thumb Code   258  lto-llvm-599df1.o(.text.GPIO_PinRemapConfig)
    [Anonymous Symbol]                       0x080004a0   Section        0  lto-llvm-599df1.o(.text.GPIO_PinRemapConfig)
    GPIO_ReadInputDataBit                    0x080005a5   Thumb Code    64  lto-llvm-599df1.o(.text.GPIO_ReadInputDataBit)
    [Anonymous Symbol]                       0x080005a4   Section        0  lto-llvm-599df1.o(.text.GPIO_ReadInputDataBit)
    [Anonymous Symbol]                       0x080005e4   Section        0  lto-llvm-599df1.o(.text.HardFault_Handler)
    LED_Init                                 0x080005e9   Thumb Code   168  lto-llvm-599df1.o(.text.LED_Init)
    [Anonymous Symbol]                       0x080005e8   Section        0  lto-llvm-599df1.o(.text.LED_Init)
    [Anonymous Symbol]                       0x08000690   Section        0  lto-llvm-599df1.o(.text.MemManage_Handler)
    [Anonymous Symbol]                       0x08000694   Section        0  lto-llvm-599df1.o(.text.NMI_Handler)
    NVIC_Init                                0x08000699   Thumb Code   174  lto-llvm-599df1.o(.text.NVIC_Init)
    [Anonymous Symbol]                       0x08000698   Section        0  lto-llvm-599df1.o(.text.NVIC_Init)
    NVIC_PriorityGroupConfig                 0x08000749   Thumb Code    32  lto-llvm-599df1.o(.text.NVIC_PriorityGroupConfig)
    [Anonymous Symbol]                       0x08000748   Section        0  lto-llvm-599df1.o(.text.NVIC_PriorityGroupConfig)
    [Anonymous Symbol]                       0x08000768   Section        0  lto-llvm-599df1.o(.text.PendSV_Handler)
    RCC_APB1PeriphClockCmd                   0x0800076d   Thumb Code    58  lto-llvm-599df1.o(.text.RCC_APB1PeriphClockCmd)
    [Anonymous Symbol]                       0x0800076c   Section        0  lto-llvm-599df1.o(.text.RCC_APB1PeriphClockCmd)
    RCC_APB2PeriphClockCmd                   0x080007a9   Thumb Code    56  lto-llvm-599df1.o(.text.RCC_APB2PeriphClockCmd)
    [Anonymous Symbol]                       0x080007a8   Section        0  lto-llvm-599df1.o(.text.RCC_APB2PeriphClockCmd)
    [Anonymous Symbol]                       0x080007e0   Section        0  lto-llvm-599df1.o(.text.SVC_Handler)
    SetSysClock                              0x080007e5   Thumb Code     8  lto-llvm-599df1.o(.text.SetSysClock)
    [Anonymous Symbol]                       0x080007e4   Section        0  lto-llvm-599df1.o(.text.SetSysClock)
    SetSysClockTo72                          0x080007ed   Thumb Code   282  lto-llvm-599df1.o(.text.SetSysClockTo72)
    [Anonymous Symbol]                       0x080007ec   Section        0  lto-llvm-599df1.o(.text.SetSysClockTo72)
    SysTick_CLKSourceConfig                  0x08000909   Thumb Code    56  lto-llvm-599df1.o(.text.SysTick_CLKSourceConfig)
    [Anonymous Symbol]                       0x08000908   Section        0  lto-llvm-599df1.o(.text.SysTick_CLKSourceConfig)
    [Anonymous Symbol]                       0x08000940   Section        0  lto-llvm-599df1.o(.text.SysTick_Handler)
    [Anonymous Symbol]                       0x08000944   Section        0  lto-llvm-599df1.o(.text.SystemInit)
    [Anonymous Symbol]                       0x080009ac   Section        0  lto-llvm-599df1.o(.text.TIM3_IRQHandler)
    TIM3_Int_Init                            0x080009f5   Thumb Code    92  lto-llvm-599df1.o(.text.TIM3_Int_Init)
    [Anonymous Symbol]                       0x080009f4   Section        0  lto-llvm-599df1.o(.text.TIM3_Int_Init)
    TIM_ClearITPendingBit                    0x08000a51   Thumb Code    32  lto-llvm-599df1.o(.text.TIM_ClearITPendingBit)
    [Anonymous Symbol]                       0x08000a50   Section        0  lto-llvm-599df1.o(.text.TIM_ClearITPendingBit)
    TIM_Cmd                                  0x08000a71   Thumb Code    48  lto-llvm-599df1.o(.text.TIM_Cmd)
    [Anonymous Symbol]                       0x08000a70   Section        0  lto-llvm-599df1.o(.text.TIM_Cmd)
    TIM_GetITStatus                          0x08000aa1   Thumb Code    92  lto-llvm-599df1.o(.text.TIM_GetITStatus)
    [Anonymous Symbol]                       0x08000aa0   Section        0  lto-llvm-599df1.o(.text.TIM_GetITStatus)
    TIM_ITConfig                             0x08000afd   Thumb Code    60  lto-llvm-599df1.o(.text.TIM_ITConfig)
    [Anonymous Symbol]                       0x08000afc   Section        0  lto-llvm-599df1.o(.text.TIM_ITConfig)
    TIM_TimeBaseInit                         0x08000b39   Thumb Code   330  lto-llvm-599df1.o(.text.TIM_TimeBaseInit)
    [Anonymous Symbol]                       0x08000b38   Section        0  lto-llvm-599df1.o(.text.TIM_TimeBaseInit)
    [Anonymous Symbol]                       0x08000c84   Section        0  lto-llvm-599df1.o(.text.UsageFault_Handler)
    ZLG7289_DATA_IN                          0x08000c89   Thumb Code    44  lto-llvm-599df1.o(.text.ZLG7289_DATA_IN)
    [Anonymous Symbol]                       0x08000c88   Section        0  lto-llvm-599df1.o(.text.ZLG7289_DATA_IN)
    ZLG7289_DATA_OUT                         0x08000cb5   Thumb Code    44  lto-llvm-599df1.o(.text.ZLG7289_DATA_OUT)
    [Anonymous Symbol]                       0x08000cb4   Section        0  lto-llvm-599df1.o(.text.ZLG7289_DATA_OUT)
    ZLG7289_Delay_1us                        0x08000ce1   Thumb Code    38  lto-llvm-599df1.o(.text.ZLG7289_Delay_1us)
    [Anonymous Symbol]                       0x08000ce0   Section        0  lto-llvm-599df1.o(.text.ZLG7289_Delay_1us)
    ZLG7289_Download                         0x08000d09   Thumb Code   140  lto-llvm-599df1.o(.text.ZLG7289_Download)
    [Anonymous Symbol]                       0x08000d08   Section        0  lto-llvm-599df1.o(.text.ZLG7289_Download)
    ZLG7289_GPIO_Config                      0x08000d95   Thumb Code   128  lto-llvm-599df1.o(.text.ZLG7289_GPIO_Config)
    [Anonymous Symbol]                       0x08000d94   Section        0  lto-llvm-599df1.o(.text.ZLG7289_GPIO_Config)
    ZLG7289_Init                             0x08000e15   Thumb Code    48  lto-llvm-599df1.o(.text.ZLG7289_Init)
    [Anonymous Symbol]                       0x08000e14   Section        0  lto-llvm-599df1.o(.text.ZLG7289_Init)
    ZLG7289_Key                              0x08000e45   Thumb Code    68  lto-llvm-599df1.o(.text.ZLG7289_Key)
    [Anonymous Symbol]                       0x08000e44   Section        0  lto-llvm-599df1.o(.text.ZLG7289_Key)
    ZLG7289_SPI_Read                         0x08000e89   Thumb Code   122  lto-llvm-599df1.o(.text.ZLG7289_SPI_Read)
    [Anonymous Symbol]                       0x08000e88   Section        0  lto-llvm-599df1.o(.text.ZLG7289_SPI_Read)
    ZLG7289_SPI_Write                        0x08000f05   Thumb Code   160  lto-llvm-599df1.o(.text.ZLG7289_SPI_Write)
    [Anonymous Symbol]                       0x08000f04   Section        0  lto-llvm-599df1.o(.text.ZLG7289_SPI_Write)
    ZLG7289_Show                             0x08000fa5   Thumb Code   708  lto-llvm-599df1.o(.text.ZLG7289_Show)
    [Anonymous Symbol]                       0x08000fa4   Section        0  lto-llvm-599df1.o(.text.ZLG7289_Show)
    ZLG7289_cmd                              0x08001269   Thumb Code    62  lto-llvm-599df1.o(.text.ZLG7289_cmd)
    [Anonymous Symbol]                       0x08001268   Section        0  lto-llvm-599df1.o(.text.ZLG7289_cmd)
    ZLG7289_cmd_dat                          0x080012a9   Thumb Code    78  lto-llvm-599df1.o(.text.ZLG7289_cmd_dat)
    [Anonymous Symbol]                       0x080012a8   Section        0  lto-llvm-599df1.o(.text.ZLG7289_cmd_dat)
    delay_init                               0x080012f9   Thumb Code    20  lto-llvm-599df1.o(.text.delay_init)
    [Anonymous Symbol]                       0x080012f8   Section        0  lto-llvm-599df1.o(.text.delay_init)
    [Anonymous Symbol]                       0x0800130c   Section        0  lto-llvm-599df1.o(.text.main)
    i.__scatterload_copy                     0x08001410   Section       14  handlers.o(i.__scatterload_copy)
    i.__scatterload_null                     0x0800141e   Section        2  handlers.o(i.__scatterload_null)
    i.__scatterload_zeroinit                 0x08001420   Section       14  handlers.o(i.__scatterload_zeroinit)
    fac_us                                   0x20000000   Data           1  lto-llvm-599df1.o(.bss.fac_us)
    [Anonymous Symbol]                       0x20000000   Section        0  lto-llvm-599df1.o(.bss.fac_us)
    key_val                                  0x20000001   Data           1  lto-llvm-599df1.o(.bss.key_val)
    [Anonymous Symbol]                       0x20000001   Section        0  lto-llvm-599df1.o(.bss.key_val)
    state                                    0x20000002   Data           1  lto-llvm-599df1.o(.bss.state)
    [Anonymous Symbol]                       0x20000002   Section        0  lto-llvm-599df1.o(.bss.state)
    timer3_count_ms                          0x20000004   Data           4  lto-llvm-599df1.o(.bss.timer3_count_ms)
    [Anonymous Symbol]                       0x20000004   Section        0  lto-llvm-599df1.o(.bss.timer3_count_ms)
    timer3_count_s                           0x20000008   Data           2  lto-llvm-599df1.o(.bss.timer3_count_s)
    [Anonymous Symbol]                       0x20000008   Section        0  lto-llvm-599df1.o(.bss.timer3_count_s)
    STACK                                    0x20000010   Section     1024  startup_stm32f10x_md.o(STACK)

    Global Symbols

    Symbol Name                              Value     Ov Type        Size  Object(Section)

    BuildAttributes$$THM_ISAv4$P$D$K$B$S$PE$A:L22UL41UL21$X:L11$S22US41US21$IEEE1$IW$~IW$USESV6$~STKCKD$USESV7$WCHAR32$ENUMINT$~SHL$OSPACE$IEEEF$EBA8$MICROLIB$REQ8$PRES8$EABIv2 0x00000000   Number         0  anon$$obj.o ABSOLUTE
    __cpp_initialize__aeabi_                  - Undefined Weak Reference
    __cxa_finalize                            - Undefined Weak Reference
    __decompress                              - Undefined Weak Reference
    _clock_init                               - Undefined Weak Reference
    _microlib_exit                            - Undefined Weak Reference
    __Vectors_Size                           0x000000ec   Number         0  startup_stm32f10x_md.o ABSOLUTE
    __Vectors                                0x08000000   Data           4  startup_stm32f10x_md.o(RESET)
    __Vectors_End                            0x080000ec   Data           0  startup_stm32f10x_md.o(RESET)
    __main                                   0x080000ed   Thumb Code     0  entry.o(.ARM.Collect$$$$00000000)
    _main_stk                                0x080000ed   Thumb Code     0  entry2.o(.ARM.Collect$$$$00000001)
    _main_scatterload                        0x080000f1   Thumb Code     0  entry5.o(.ARM.Collect$$$$00000004)
    __main_after_scatterload                 0x080000f5   Thumb Code     0  entry5.o(.ARM.Collect$$$$00000004)
    _main_clock                              0x080000f5   Thumb Code     0  entry7b.o(.ARM.Collect$$$$00000008)
    _main_cpp_init                           0x080000f5   Thumb Code     0  entry8b.o(.ARM.Collect$$$$0000000A)
    _main_init                               0x080000f5   Thumb Code     0  entry9a.o(.ARM.Collect$$$$0000000B)
    __rt_final_cpp                           0x080000fd   Thumb Code     0  entry10a.o(.ARM.Collect$$$$0000000D)
    __rt_final_exit                          0x080000fd   Thumb Code     0  entry11a.o(.ARM.Collect$$$$0000000F)
    Reset_Handler                            0x08000101   Thumb Code     8  startup_stm32f10x_md.o(.text)
    ADC1_2_IRQHandler                        0x0800011b   Thumb Code     0  startup_stm32f10x_md.o(.text)
    CAN1_RX1_IRQHandler                      0x0800011b   Thumb Code     0  startup_stm32f10x_md.o(.text)
    CAN1_SCE_IRQHandler                      0x0800011b   Thumb Code     0  startup_stm32f10x_md.o(.text)
    DMA1_Channel1_IRQHandler                 0x0800011b   Thumb Code     0  startup_stm32f10x_md.o(.text)
    DMA1_Channel2_IRQHandler                 0x0800011b   Thumb Code     0  startup_stm32f10x_md.o(.text)
    DMA1_Channel3_IRQHandler                 0x0800011b   Thumb Code     0  startup_stm32f10x_md.o(.text)
    DMA1_Channel4_IRQHandler                 0x0800011b   Thumb Code     0  startup_stm32f10x_md.o(.text)
    DMA1_Channel5_IRQHandler                 0x0800011b   Thumb Code     0  startup_stm32f10x_md.o(.text)
    DMA1_Channel6_IRQHandler                 0x0800011b   Thumb Code     0  startup_stm32f10x_md.o(.text)
    DMA1_Channel7_IRQHandler                 0x0800011b   Thumb Code     0  startup_stm32f10x_md.o(.text)
    EXTI0_IRQHandler                         0x0800011b   Thumb Code     0  startup_stm32f10x_md.o(.text)
    EXTI1_IRQHandler                         0x0800011b   Thumb Code     0  startup_stm32f10x_md.o(.text)
    EXTI2_IRQHandler                         0x0800011b   Thumb Code     0  startup_stm32f10x_md.o(.text)
    EXTI3_IRQHandler                         0x0800011b   Thumb Code     0  startup_stm32f10x_md.o(.text)
    EXTI4_IRQHandler                         0x0800011b   Thumb Code     0  startup_stm32f10x_md.o(.text)
    EXTI9_5_IRQHandler                       0x0800011b   Thumb Code     0  startup_stm32f10x_md.o(.text)
    FLASH_IRQHandler                         0x0800011b   Thumb Code     0  startup_stm32f10x_md.o(.text)
    I2C1_ER_IRQHandler                       0x0800011b   Thumb Code     0  startup_stm32f10x_md.o(.text)
    I2C1_EV_IRQHandler                       0x0800011b   Thumb Code     0  startup_stm32f10x_md.o(.text)
    I2C2_ER_IRQHandler                       0x0800011b   Thumb Code     0  startup_stm32f10x_md.o(.text)
    I2C2_EV_IRQHandler                       0x0800011b   Thumb Code     0  startup_stm32f10x_md.o(.text)
    PVD_IRQHandler                           0x0800011b   Thumb Code     0  startup_stm32f10x_md.o(.text)
    RCC_IRQHandler                           0x0800011b   Thumb Code     0  startup_stm32f10x_md.o(.text)
    RTCAlarm_IRQHandler                      0x0800011b   Thumb Code     0  startup_stm32f10x_md.o(.text)
    RTC_IRQHandler                           0x0800011b   Thumb Code     0  startup_stm32f10x_md.o(.text)
    SPI1_IRQHandler                          0x0800011b   Thumb Code     0  startup_stm32f10x_md.o(.text)
    SPI2_IRQHandler                          0x0800011b   Thumb Code     0  startup_stm32f10x_md.o(.text)
    TAMPER_IRQHandler                        0x0800011b   Thumb Code     0  startup_stm32f10x_md.o(.text)
    TIM1_BRK_IRQHandler                      0x0800011b   Thumb Code     0  startup_stm32f10x_md.o(.text)
    TIM1_CC_IRQHandler                       0x0800011b   Thumb Code     0  startup_stm32f10x_md.o(.text)
    TIM1_TRG_COM_IRQHandler                  0x0800011b   Thumb Code     0  startup_stm32f10x_md.o(.text)
    TIM1_UP_IRQHandler                       0x0800011b   Thumb Code     0  startup_stm32f10x_md.o(.text)
    TIM2_IRQHandler                          0x0800011b   Thumb Code     0  startup_stm32f10x_md.o(.text)
    TIM4_IRQHandler                          0x0800011b   Thumb Code     0  startup_stm32f10x_md.o(.text)
    USART1_IRQHandler                        0x0800011b   Thumb Code     0  startup_stm32f10x_md.o(.text)
    USART2_IRQHandler                        0x0800011b   Thumb Code     0  startup_stm32f10x_md.o(.text)
    USART3_IRQHandler                        0x0800011b   Thumb Code     0  startup_stm32f10x_md.o(.text)
    USBWakeUp_IRQHandler                     0x0800011b   Thumb Code     0  startup_stm32f10x_md.o(.text)
    USB_HP_CAN1_TX_IRQHandler                0x0800011b   Thumb Code     0  startup_stm32f10x_md.o(.text)
    USB_LP_CAN1_RX0_IRQHandler               0x0800011b   Thumb Code     0  startup_stm32f10x_md.o(.text)
    WWDG_IRQHandler                          0x0800011b   Thumb Code     0  startup_stm32f10x_md.o(.text)
    __scatterload                            0x08000125   Thumb Code    28  init.o(.text)
    __scatterload_rt2                        0x08000125   Thumb Code     0  init.o(.text)
    BusFault_Handler                         0x08000149   Thumb Code     4  lto-llvm-599df1.o(.text.BusFault_Handler)
    DebugMon_Handler                         0x0800014d   Thumb Code     2  lto-llvm-599df1.o(.text.DebugMon_Handler)
    EXTI15_10_IRQHandler                     0x08000151   Thumb Code    22  lto-llvm-599df1.o(.text.EXTI15_10_IRQHandler)
    HardFault_Handler                        0x080005e5   Thumb Code     4  lto-llvm-599df1.o(.text.HardFault_Handler)
    MemManage_Handler                        0x08000691   Thumb Code     4  lto-llvm-599df1.o(.text.MemManage_Handler)
    NMI_Handler                              0x08000695   Thumb Code     2  lto-llvm-599df1.o(.text.NMI_Handler)
    PendSV_Handler                           0x08000769   Thumb Code     2  lto-llvm-599df1.o(.text.PendSV_Handler)
    SVC_Handler                              0x080007e1   Thumb Code     2  lto-llvm-599df1.o(.text.SVC_Handler)
    SysTick_Handler                          0x08000941   Thumb Code     2  lto-llvm-599df1.o(.text.SysTick_Handler)
    SystemInit                               0x08000945   Thumb Code   102  lto-llvm-599df1.o(.text.SystemInit)
    TIM3_IRQHandler                          0x080009ad   Thumb Code    70  lto-llvm-599df1.o(.text.TIM3_IRQHandler)
    UsageFault_Handler                       0x08000c85   Thumb Code     4  lto-llvm-599df1.o(.text.UsageFault_Handler)
    main                                     0x0800130d   Thumb Code   260  lto-llvm-599df1.o(.text.main)
    __scatterload_copy                       0x08001411   Thumb Code    14  handlers.o(i.__scatterload_copy)
    __scatterload_null                       0x0800141f   Thumb Code     2  handlers.o(i.__scatterload_null)
    __scatterload_zeroinit                   0x08001421   Thumb Code    14  handlers.o(i.__scatterload_zeroinit)
    Region$$Table$$Base                      0x08001430   Number         0  anon$$obj.o(Region$$Table)
    Region$$Table$$Limit                     0x08001440   Number         0  anon$$obj.o(Region$$Table)
    __initial_sp                             0x20000410   Data           0  startup_stm32f10x_md.o(STACK)



==============================================================================

Memory Map of the image

  Image Entry point : 0x080000ed

  Load Region LR_IROM1 (Base: 0x08000000, Size: 0x00001440, Max: 0x00010000, ABSOLUTE)

    Execution Region ER_IROM1 (Exec base: 0x08000000, Load base: 0x08000000, Size: 0x00001440, Max: 0x00010000, ABSOLUTE)

    Exec Addr    Load Addr    Size         Type   Attr      Idx    E Section Name        Object

    0x08000000   0x08000000   0x000000ec   Data   RO           22    RESET               startup_stm32f10x_md.o
    0x080000ec   0x080000ec   0x00000000   Code   RO           29  * .ARM.Collect$$$$00000000  mc_w.l(entry.o)
    0x080000ec   0x080000ec   0x00000004   Code   RO           32    .ARM.Collect$$$$00000001  mc_w.l(entry2.o)
    0x080000f0   0x080000f0   0x00000004   Code   RO           35    .ARM.Collect$$$$00000004  mc_w.l(entry5.o)
    0x080000f4   0x080000f4   0x00000000   Code   RO           37    .ARM.Collect$$$$00000008  mc_w.l(entry7b.o)
    0x080000f4   0x080000f4   0x00000000   Code   RO           39    .ARM.Collect$$$$0000000A  mc_w.l(entry8b.o)
    0x080000f4   0x080000f4   0x00000008   Code   RO           40    .ARM.Collect$$$$0000000B  mc_w.l(entry9a.o)
    0x080000fc   0x080000fc   0x00000000   Code   RO           42    .ARM.Collect$$$$0000000D  mc_w.l(entry10a.o)
    0x080000fc   0x080000fc   0x00000000   Code   RO           44    .ARM.Collect$$$$0000000F  mc_w.l(entry11a.o)
    0x080000fc   0x080000fc   0x00000004   Code   RO           33    .ARM.Collect$$$$00002712  mc_w.l(entry2.o)
    0x08000100   0x08000100   0x00000024   Code   RO           23    .text               startup_stm32f10x_md.o
    0x08000124   0x08000124   0x00000024   Code   RO           46    .text               mc_w.l(init.o)
    0x08000148   0x08000148   0x00000004   Code   RO          127    .text.BusFault_Handler  lto-llvm-599df1.o
    0x0800014c   0x0800014c   0x00000002   Code   RO          133    .text.DebugMon_Handler  lto-llvm-599df1.o
    0x0800014e   0x0800014e   0x00000002   PAD
    0x08000150   0x08000150   0x00000016   Code   RO          115    .text.EXTI15_10_IRQHandler  lto-llvm-599df1.o
    0x08000166   0x08000166   0x00000002   PAD
    0x08000168   0x08000168   0x00000040   Code   RO          113    .text.EXTIX_Init    lto-llvm-599df1.o
    0x080001a8   0x080001a8   0x00000018   Code   RO           57    .text.EXTI_ClearITPendingBit  lto-llvm-599df1.o
    0x080001c0   0x080001c0   0x000000f4   Code   RO           55    .text.EXTI_Init     lto-llvm-599df1.o
    0x080002b4   0x080002b4   0x0000005a   Code   RO           65    .text.GPIO_EXTILineConfig  lto-llvm-599df1.o
    0x0800030e   0x0800030e   0x00000002   PAD
    0x08000310   0x08000310   0x00000190   Code   RO           59    .text.GPIO_Init     lto-llvm-599df1.o
    0x080004a0   0x080004a0   0x00000102   Code   RO           63    .text.GPIO_PinRemapConfig  lto-llvm-599df1.o
    0x080005a2   0x080005a2   0x00000002   PAD
    0x080005a4   0x080005a4   0x00000040   Code   RO           61    .text.GPIO_ReadInputDataBit  lto-llvm-599df1.o
    0x080005e4   0x080005e4   0x00000004   Code   RO          123    .text.HardFault_Handler  lto-llvm-599df1.o
    0x080005e8   0x080005e8   0x000000a8   Code   RO          117    .text.LED_Init      lto-llvm-599df1.o
    0x08000690   0x08000690   0x00000004   Code   RO          125    .text.MemManage_Handler  lto-llvm-599df1.o
    0x08000694   0x08000694   0x00000002   Code   RO          121    .text.NMI_Handler   lto-llvm-599df1.o
    0x08000696   0x08000696   0x00000002   PAD
    0x08000698   0x08000698   0x000000ae   Code   RO           51    .text.NVIC_Init     lto-llvm-599df1.o
    0x08000746   0x08000746   0x00000002   PAD
    0x08000748   0x08000748   0x00000020   Code   RO           49    .text.NVIC_PriorityGroupConfig  lto-llvm-599df1.o
    0x08000768   0x08000768   0x00000002   Code   RO          135    .text.PendSV_Handler  lto-llvm-599df1.o
    0x0800076a   0x0800076a   0x00000002   PAD
    0x0800076c   0x0800076c   0x0000003a   Code   RO           69    .text.RCC_APB1PeriphClockCmd  lto-llvm-599df1.o
    0x080007a6   0x080007a6   0x00000002   PAD
    0x080007a8   0x080007a8   0x00000038   Code   RO           67    .text.RCC_APB2PeriphClockCmd  lto-llvm-599df1.o
    0x080007e0   0x080007e0   0x00000002   Code   RO          131    .text.SVC_Handler   lto-llvm-599df1.o
    0x080007e2   0x080007e2   0x00000002   PAD
    0x080007e4   0x080007e4   0x00000008   Code   RO           83    .text.SetSysClock   lto-llvm-599df1.o
    0x080007ec   0x080007ec   0x0000011a   Code   RO           85    .text.SetSysClockTo72  lto-llvm-599df1.o
    0x08000906   0x08000906   0x00000002   PAD
    0x08000908   0x08000908   0x00000038   Code   RO           53    .text.SysTick_CLKSourceConfig  lto-llvm-599df1.o
    0x08000940   0x08000940   0x00000002   Code   RO          137    .text.SysTick_Handler  lto-llvm-599df1.o
    0x08000942   0x08000942   0x00000002   PAD
    0x08000944   0x08000944   0x00000066   Code   RO           81    .text.SystemInit    lto-llvm-599df1.o
    0x080009aa   0x080009aa   0x00000002   PAD
    0x080009ac   0x080009ac   0x00000046   Code   RO          141    .text.TIM3_IRQHandler  lto-llvm-599df1.o
    0x080009f2   0x080009f2   0x00000002   PAD
    0x080009f4   0x080009f4   0x0000005c   Code   RO          139    .text.TIM3_Int_Init  lto-llvm-599df1.o
    0x08000a50   0x08000a50   0x00000020   Code   RO           79    .text.TIM_ClearITPendingBit  lto-llvm-599df1.o
    0x08000a70   0x08000a70   0x00000030   Code   RO           73    .text.TIM_Cmd       lto-llvm-599df1.o
    0x08000aa0   0x08000aa0   0x0000005c   Code   RO           77    .text.TIM_GetITStatus  lto-llvm-599df1.o
    0x08000afc   0x08000afc   0x0000003c   Code   RO           75    .text.TIM_ITConfig  lto-llvm-599df1.o
    0x08000b38   0x08000b38   0x0000014a   Code   RO           71    .text.TIM_TimeBaseInit  lto-llvm-599df1.o
    0x08000c82   0x08000c82   0x00000002   PAD
    0x08000c84   0x08000c84   0x00000004   Code   RO          129    .text.UsageFault_Handler  lto-llvm-599df1.o
    0x08000c88   0x08000c88   0x0000002c   Code   RO           95    .text.ZLG7289_DATA_IN  lto-llvm-599df1.o
    0x08000cb4   0x08000cb4   0x0000002c   Code   RO           89    .text.ZLG7289_DATA_OUT  lto-llvm-599df1.o
    0x08000ce0   0x08000ce0   0x00000026   Code   RO           91    .text.ZLG7289_Delay_1us  lto-llvm-599df1.o
    0x08000d06   0x08000d06   0x00000002   PAD
    0x08000d08   0x08000d08   0x0000008c   Code   RO          101    .text.ZLG7289_Download  lto-llvm-599df1.o
    0x08000d94   0x08000d94   0x00000080   Code   RO          107    .text.ZLG7289_GPIO_Config  lto-llvm-599df1.o
    0x08000e14   0x08000e14   0x00000030   Code   RO          105    .text.ZLG7289_Init  lto-llvm-599df1.o
    0x08000e44   0x08000e44   0x00000044   Code   RO          103    .text.ZLG7289_Key   lto-llvm-599df1.o
    0x08000e88   0x08000e88   0x0000007a   Code   RO           93    .text.ZLG7289_SPI_Read  lto-llvm-599df1.o
    0x08000f02   0x08000f02   0x00000002   PAD
    0x08000f04   0x08000f04   0x000000a0   Code   RO           87    .text.ZLG7289_SPI_Write  lto-llvm-599df1.o
    0x08000fa4   0x08000fa4   0x000002c4   Code   RO          109    .text.ZLG7289_Show  lto-llvm-599df1.o
    0x08001268   0x08001268   0x0000003e   Code   RO           97    .text.ZLG7289_cmd   lto-llvm-599df1.o
    0x080012a6   0x080012a6   0x00000002   PAD
    0x080012a8   0x080012a8   0x0000004e   Code   RO           99    .text.ZLG7289_cmd_dat  lto-llvm-599df1.o
    0x080012f6   0x080012f6   0x00000002   PAD
    0x080012f8   0x080012f8   0x00000014   Code   RO          111    .text.delay_init    lto-llvm-599df1.o
    0x0800130c   0x0800130c   0x00000104   Code   RO          119    .text.main          lto-llvm-599df1.o
    0x08001410   0x08001410   0x0000000e   Code   RO          158    i.__scatterload_copy  mc_w.l(handlers.o)
    0x0800141e   0x0800141e   0x00000002   Code   RO          159    i.__scatterload_null  mc_w.l(handlers.o)
    0x08001420   0x08001420   0x0000000e   Code   RO          160    i.__scatterload_zeroinit  mc_w.l(handlers.o)
    0x0800142e   0x0800142e   0x00000002   PAD
    0x08001430   0x08001430   0x00000010   Data   RO          157    Region$$Table       anon$$obj.o


    Execution Region RW_IRAM1 (Exec base: 0x20000000, Load base: 0x08001440, Size: 0x00000410, Max: 0x00002800, ABSOLUTE)

    Exec Addr    Load Addr    Size         Type   Attr      Idx    E Section Name        Object

    0x20000000        -       0x00000001   Zero   RW          144    .bss.fac_us         lto-llvm-599df1.o
    0x20000001        -       0x00000001   Zero   RW          145    .bss.key_val        lto-llvm-599df1.o
    0x20000002        -       0x00000001   Zero   RW          146    .bss.state          lto-llvm-599df1.o
    0x20000003   0x08001440   0x00000001   PAD
    0x20000004        -       0x00000004   Zero   RW          148    .bss.timer3_count_ms  lto-llvm-599df1.o
    0x20000008        -       0x00000002   Zero   RW          149    .bss.timer3_count_s  lto-llvm-599df1.o
    0x2000000a   0x08001440   0x00000006   PAD
    0x20000010        -       0x00000400   Zero   RW           20    STACK               startup_stm32f10x_md.o


==============================================================================

Image component sizes


      Code (inc. data)   RO Data    RW Data    ZI Data      Debug   Object Name

      4772          0          0          0          9      22795   lto-llvm-599df1.o
        36          8        236          0       1024        784   startup_stm32f10x_md.o

    ----------------------------------------------------------------------
      4844          8        252          0       1040      23579   Object Totals
         0          0         16          0          0          0   (incl. Generated)
        36          0          0          0          7          0   (incl. Padding)

    ----------------------------------------------------------------------

      Code (inc. data)   RO Data    RW Data    ZI Data      Debug   Library Member Name

         0          0          0          0          0          0   entry.o
         0          0          0          0          0          0   entry10a.o
         0          0          0          0          0          0   entry11a.o
         8          4          0          0          0          0   entry2.o
         4          0          0          0          0          0   entry5.o
         0          0          0          0          0          0   entry7b.o
         0          0          0          0          0          0   entry8b.o
         8          4          0          0          0          0   entry9a.o
        30          0          0          0          0          0   handlers.o
        36          8          0          0          0         68   init.o

    ----------------------------------------------------------------------
        88         16          0          0          0         68   Library Totals
         2          0          0          0          0          0   (incl. Padding)

    ----------------------------------------------------------------------

      Code (inc. data)   RO Data    RW Data    ZI Data      Debug   Library Name

        86         16          0          0          0         68   mc_w.l

    ----------------------------------------------------------------------
        88         16          0          0          0         68   Library Totals

    ----------------------------------------------------------------------

==============================================================================


      Code (inc. data)   RO Data    RW Data    ZI Data      Debug   

      4932         24        252          0       1040      23799   Grand Totals
      4932         24        252          0       1040      23799   ELF Image Totals
      4932         24        252          0          0          0   ROM Totals

==============================================================================

    Total RO  Size (Code + RO Data)                 5184 (   5.06kB)
    Total RW  Size (RW Data + ZI Data)              1040 (   1.02kB)
    Total ROM Size (Code + RO Data + RW Data)       5184 (   5.06kB)

==============================================================================

